2026-09-16T16:43:26.447+03:00  INFO 281799 --- [main] o.s.s.petclinic.PetClinicApplication     : Starting PetClinicApplication using Java 17.0.15 with PID 281799 (/home/mpolivaha/OpenSource/axelix/playgrounds/spring-petclinic-gradle-sb-3/build/classes/java/main started by mpolivaha in /home/mpolivaha/OpenSource/axelix/playgrounds/spring-petclinic-gradle-sb-3)
2026-09-16T16:43:26.449+03:00  INFO 281799 --- [main] o.s.s.petclinic.PetClinicApplication     : No active profile set, falling back to 1 default profile: "default"
2026-09-16T16:43:26.696+03:00  WARN 281799 --- [main] o.s.boot.actuate.endpoint.EndpointId     : Endpoint ID 'axelix-beans' contains invalid characters, please migrate to a valid format.
2026-09-16T16:43:26.745+03:00  WARN 281799 --- [main] o.s.boot.actuate.endpoint.EndpointId     : Endpoint ID 'axelix-caches' contains invalid characters, please migrate to a valid format.
2026-09-16T16:43:26.746+03:00  WARN 281799 --- [main] o.s.boot.actuate.endpoint.EndpointId     : Endpoint ID 'axelix-conditions' contains invalid characters, please migrate to a valid format.
2026-09-16T16:43:26.748+03:00  WARN 281799 --- [main] o.s.boot.actuate.endpoint.EndpointId     : Endpoint ID 'axelix-configprops' contains invalid characters, please migrate to a valid format.
2026-09-16T16:43:26.749+03:00  WARN 281799 --- [main] o.s.boot.actuate.endpoint.EndpointId     : Endpoint ID 'axelix-dependencies' contains invalid characters, please migrate to a valid format.
2026-09-16T16:43:26.750+03:00  WARN 281799 --- [main] o.s.boot.actuate.endpoint.EndpointId     : Endpoint ID 'axelix-details' contains invalid characters, please migrate to a valid format.
2026-09-16T16:43:26.751+03:00  WARN 281799 --- [main] o.s.boot.actuate.endpoint.EndpointId     : Endpoint ID 'axelix-env' contains invalid characters, please migrate to a valid format.
2026-09-16T16:43:26.753+03:00  WARN 281799 --- [main] o.s.boot.actuate.endpoint.EndpointId     : Endpoint ID 'axelix-gc' contains invalid characters, please migrate to a valid format.
2026-09-16T16:43:26.754+03:00  WARN 281799 --- [main] o.s.boot.actuate.endpoint.EndpointId     : Endpoint ID 'axelix-heap-dump' contains invalid characters, please migrate to a valid format.
2026-09-16T16:43:26.755+03:00  WARN 281799 --- [main] o.s.boot.actuate.endpoint.EndpointId     : Endpoint ID 'axelix-loggers' contains invalid characters, please migrate to a valid format.
2026-09-16T16:43:26.767+03:00  WARN 281799 --- [main] o.s.boot.actuate.endpoint.EndpointId     : Endpoint ID 'axelix-metrics' contains invalid characters, please migrate to a valid format.
2026-09-16T16:43:26.769+03:00  WARN 281799 --- [main] o.s.boot.actuate.endpoint.EndpointId     : Endpoint ID 'axelix-scheduled-tasks' contains invalid characters, please migrate to a valid format.
2026-09-16T16:43:26.770+03:00  WARN 281799 --- [main] o.s.boot.actuate.endpoint.EndpointId     : Endpoint ID 'axelix-thread-dump' contains invalid characters, please migrate to a valid format.
2026-09-16T16:43:27.136+03:00  INFO 281799 --- [main] .s.d.r.c.RepositoryConfigurationDelegate : Bootstrapping Spring Data JPA repositories in DEFAULT mode.
2026-09-16T16:43:27.185+03:00  INFO 281799 --- [main] .s.d.r.c.RepositoryConfigurationDelegate : Finished Spring Data repository scanning in 41 ms. Found 8 JPA repository interfaces.
2026-09-16T16:43:39.923+03:00  INFO 281985 --- [main] o.s.s.p.PetClinicIntegrationTests        : Starting PetClinicIntegrationTests using Java 17.0.15 with PID 281985 (/home/mpolivaha/OpenSource/axelix/playgrounds/spring-petclinic-gradle-sb-3/build/classes/java/test started by mpolivaha in /home/mpolivaha/OpenSource/axelix/playgrounds/spring-petclinic-gradle-sb-3)
2026-09-16T16:43:39.924+03:00  INFO 281985 --- [main] o.s.s.p.PetClinicIntegrationTests        : No active profile set, falling back to 1 default profile: "default"
2026-09-16T16:43:40.109+03:00  WARN 281985 --- [main] o.s.boot.actuate.endpoint.EndpointId     : Endpoint ID 'axelix-beans' contains invalid characters, please migrate to a valid format.
2026-09-16T16:43:40.157+03:00  WARN 281985 --- [main] o.s.boot.actuate.endpoint.EndpointId     : Endpoint ID 'axelix-caches' contains invalid characters, please migrate to a valid format.
2026-09-16T16:43:40.158+03:00  WARN 281985 --- [main] o.s.boot.actuate.endpoint.EndpointId     : Endpoint ID 'axelix-conditions' contains invalid characters, please migrate to a valid format.
2026-09-16T16:43:40.160+03:00  WARN 281985 --- [main] o.s.boot.actuate.endpoint.EndpointId     : Endpoint ID 'axelix-configprops' contains invalid characters, please migrate to a valid format.
2026-09-16T16:43:40.161+03:00  WARN 281985 --- [main] o.s.boot.actuate.endpoint.EndpointId     : Endpoint ID 'axelix-dependencies' contains invalid characters, please migrate to a valid format.
2026-09-16T16:43:40.163+03:00  WARN 281985 --- [main] o.s.boot.actuate.endpoint.EndpointId     : Endpoint ID 'axelix-details' contains invalid characters, please migrate to a valid format.
2026-09-16T16:43:40.164+03:00  WARN 281985 --- [main] o.s.boot.actuate.endpoint.EndpointId     : Endpoint ID 'axelix-env' contains invalid characters, please migrate to a valid format.
2026-09-16T16:43:40.165+03:00  WARN 281985 --- [main] o.s.boot.actuate.endpoint.EndpointId     : Endpoint ID 'axelix-gc' contains invalid characters, please migrate to a valid format.
2026-09-16T16:43:40.166+03:00  WARN 281985 --- [main] o.s.boot.actuate.endpoint.EndpointId     : Endpoint ID 'axelix-heap-dump' contains invalid characters, please migrate to a valid format.
2026-09-16T16:43:40.168+03:00  WARN 281985 --- [main] o.s.boot.actuate.endpoint.EndpointId     : Endpoint ID 'axelix-loggers' contains invalid characters, please migrate to a valid format.
2026-09-16T16:43:40.178+03:00  WARN 281985 --- [main] o.s.boot.actuate.endpoint.EndpointId     : Endpoint ID 'axelix-metrics' contains invalid characters, please migrate to a valid format.
2026-09-16T16:43:40.179+03:00  WARN 281985 --- [main] o.s.boot.actuate.endpoint.EndpointId     : Endpoint ID 'axelix-scheduled-tasks' contains invalid characters, please migrate to a valid format.
2026-09-16T16:43:40.180+03:00  WARN 281985 --- [main] o.s.boot.actuate.endpoint.EndpointId     : Endpoint ID 'axelix-thread-dump' contains invalid characters, please migrate to a valid format.
2026-09-16T16:43:40.502+03:00  INFO 281985 --- [main] .s.d.r.c.RepositoryConfigurationDelegate : Bootstrapping Spring Data JPA repositories in DEFAULT mode.
2026-09-16T16:43:40.543+03:00  INFO 281985 --- [main] .s.d.r.c.RepositoryConfigurationDelegate : Finished Spring Data repository scanning in 33 ms. Found 8 JPA repository interfaces.
2026-09-16T16:43:42.172+03:00  INFO 281985 --- [main] o.s.s.p.PostgresIntegrationTests         : Starting PostgresIntegrationTests using Java 17.0.15 with PID 281985 (/home/mpolivaha/OpenSource/axelix/playgrounds/spring-petclinic-gradle-sb-3/build/classes/java/test started by mpolivaha in /home/mpolivaha/OpenSource/axelix/playgrounds/spring-petclinic-gradle-sb-3)
2026-09-16T16:43:42.173+03:00  INFO 281985 --- [main] o.s.s.p.PostgresIntegrationTests         : The following 1 profile is active: "postgres"
2026-09-16T16:43:42.329+03:00  INFO 281985 --- [main] .s.d.r.c.RepositoryConfigurationDelegate : Bootstrapping Spring Data JPA repositories in DEFAULT mode.
2026-09-16T16:43:42.338+03:00  INFO 281985 --- [main] .s.d.r.c.RepositoryConfigurationDelegate : Finished Spring Data repository scanning in 6 ms. Found 8 JPA repository interfaces.
2026-09-16T16:43:42.743+03:00  INFO 281985 --- [main] o.s.t.c.aot.TestContextAotGenerator      : Skipping AOT processing due to the presence of @DisabledInAotMode for test classes [org.springframework.samples.petclinic.owner.OwnerControllerTests]
2026-09-16T16:43:42.743+03:00  INFO 281985 --- [main] o.s.t.c.aot.TestContextAotGenerator      : Skipping AOT processing due to the presence of @DisabledInAotMode for test classes [org.springframework.samples.petclinic.owner.PetControllerTests, org.springframework.samples.petclinic.owner.PetControllerTests$ProcessCreationFormHasErrors, org.springframework.samples.petclinic.owner.PetControllerTests$ProcessUpdateFormHasErrors]
2026-09-16T16:43:42.743+03:00  INFO 281985 --- [main] o.s.t.c.aot.TestContextAotGenerator      : Skipping AOT processing due to the presence of @DisabledInAotMode for test classes [org.springframework.samples.petclinic.owner.VisitControllerTests]
2026-09-16T16:43:42.760+03:00  INFO 281985 --- [main] o.s.s.p.service.ClinicServiceTests       : Starting ClinicServiceTests using Java 17.0.15 with PID 281985 (/home/mpolivaha/OpenSource/axelix/playgrounds/spring-petclinic-gradle-sb-3/build/classes/java/test started by mpolivaha in /home/mpolivaha/OpenSource/axelix/playgrounds/spring-petclinic-gradle-sb-3)
2026-09-16T16:43:42.760+03:00  INFO 281985 --- [main] o.s.s.p.service.ClinicServiceTests       : No active profile set, falling back to 1 default profile: "default"
2026-09-16T16:43:42.800+03:00  INFO 281985 --- [main] .s.d.r.c.RepositoryConfigurationDelegate : Bootstrapping Spring Data JPA repositories in DEFAULT mode.
2026-09-16T16:43:42.808+03:00  INFO 281985 --- [main] .s.d.r.c.RepositoryConfigurationDelegate : Finished Spring Data repository scanning in 6 ms. Found 8 JPA repository interfaces.
2026-09-16T16:43:42.917+03:00  INFO 281985 --- [main] .s.s.p.s.CrashControllerIntegrationTests : Starting CrashControllerIntegrationTests using Java 17.0.15 with PID 281985 (/home/mpolivaha/OpenSource/axelix/playgrounds/spring-petclinic-gradle-sb-3/build/classes/java/test started by mpolivaha in /home/mpolivaha/OpenSource/axelix/playgrounds/spring-petclinic-gradle-sb-3)
2026-09-16T16:43:42.918+03:00  INFO 281985 --- [main] .s.s.p.s.CrashControllerIntegrationTests : No active profile set, falling back to 1 default profile: "default"
2026-09-16T16:43:43.294+03:00  INFO 281985 --- [main] o.s.t.c.aot.TestContextAotGenerator      : Skipping AOT processing due to the presence of @DisabledInAotMode for test classes [org.springframework.samples.petclinic.vet.VetControllerTests]
2026-09-16T16:43:43.311+03:00  INFO 281985 --- [main] backControllerTests$WhenFeedbackDisabled : Starting VetFeedbackControllerTests.WhenFeedbackDisabled using Java 17.0.15 with PID 281985 (/home/mpolivaha/OpenSource/axelix/playgrounds/spring-petclinic-gradle-sb-3/build/classes/java/test started by mpolivaha in /home/mpolivaha/OpenSource/axelix/playgrounds/spring-petclinic-gradle-sb-3)
2026-09-16T16:43:43.311+03:00  INFO 281985 --- [main] backControllerTests$WhenFeedbackDisabled : No active profile set, falling back to 1 default profile: "default"
2026-09-16T16:43:43.457+03:00  INFO 281985 --- [main] .s.d.r.c.RepositoryConfigurationDelegate : Bootstrapping Spring Data JPA repositories in DEFAULT mode.
2026-09-16T16:43:43.465+03:00  INFO 281985 --- [main] .s.d.r.c.RepositoryConfigurationDelegate : Finished Spring Data repository scanning in 6 ms. Found 8 JPA repository interfaces.
2026-09-16T16:43:43.791+03:00  INFO 281985 --- [main] dbackControllerTests$WhenFeedbackEnabled : Starting VetFeedbackControllerTests.WhenFeedbackEnabled using Java 17.0.15 with PID 281985 (/home/mpolivaha/OpenSource/axelix/playgrounds/spring-petclinic-gradle-sb-3/build/classes/java/test started by mpolivaha in /home/mpolivaha/OpenSource/axelix/playgrounds/spring-petclinic-gradle-sb-3)
2026-09-16T16:43:43.791+03:00  INFO 281985 --- [main] dbackControllerTests$WhenFeedbackEnabled : No active profile set, falling back to 1 default profile: "default"
2026-09-16T16:43:43.926+03:00  INFO 281985 --- [main] .s.d.r.c.RepositoryConfigurationDelegate : Bootstrapping Spring Data JPA repositories in DEFAULT mode.
2026-09-16T16:43:43.932+03:00  INFO 281985 --- [main] .s.d.r.c.RepositoryConfigurationDelegate : Finished Spring Data repository scanning in 5 ms. Found 8 JPA repository interfaces.
2026-09-16T16:53:04.100+03:00  INFO 290370 --- [main] o.s.s.petclinic.PetClinicApplication     : Starting PetClinicApplication using Java 17.0.15 with PID 290370 (/home/mpolivaha/OpenSource/axelix/playgrounds/spring-petclinic-gradle-sb-3/build/classes/java/main started by mpolivaha in /home/mpolivaha/OpenSource/axelix/playgrounds/spring-petclinic-gradle-sb-3)
2026-09-16T16:53:04.102+03:00  INFO 290370 --- [main] o.s.s.petclinic.PetClinicApplication     : No active profile set, falling back to 1 default profile: "default"
2026-09-16T16:53:04.397+03:00  WARN 290370 --- [main] o.s.boot.actuate.endpoint.EndpointId     : Endpoint ID 'axelix-beans' contains invalid characters, please migrate to a valid format.
2026-09-16T16:53:04.450+03:00  WARN 290370 --- [main] o.s.boot.actuate.endpoint.EndpointId     : Endpoint ID 'axelix-caches' contains invalid characters, please migrate to a valid format.
2026-09-16T16:53:04.451+03:00  WARN 290370 --- [main] o.s.boot.actuate.endpoint.EndpointId     : Endpoint ID 'axelix-conditions' contains invalid characters, please migrate to a valid format.
2026-09-16T16:53:04.453+03:00  WARN 290370 --- [main] o.s.boot.actuate.endpoint.EndpointId     : Endpoint ID 'axelix-configprops' contains invalid characters, please migrate to a valid format.
2026-09-16T16:53:04.454+03:00  WARN 290370 --- [main] o.s.boot.actuate.endpoint.EndpointId     : Endpoint ID 'axelix-dependencies' contains invalid characters, please migrate to a valid format.
2026-09-16T16:53:04.456+03:00  WARN 290370 --- [main] o.s.boot.actuate.endpoint.EndpointId     : Endpoint ID 'axelix-details' contains invalid characters, please migrate to a valid format.
2026-09-16T16:53:04.457+03:00  WARN 290370 --- [main] o.s.boot.actuate.endpoint.EndpointId     : Endpoint ID 'axelix-env' contains invalid characters, please migrate to a valid format.
2026-09-16T16:53:04.459+03:00  WARN 290370 --- [main] o.s.boot.actuate.endpoint.EndpointId     : Endpoint ID 'axelix-gc' contains invalid characters, please migrate to a valid format.
2026-09-16T16:53:04.460+03:00  WARN 290370 --- [main] o.s.boot.actuate.endpoint.EndpointId     : Endpoint ID 'axelix-heap-dump' contains invalid characters, please migrate to a valid format.
2026-09-16T16:53:04.461+03:00  WARN 290370 --- [main] o.s.boot.actuate.endpoint.EndpointId     : Endpoint ID 'axelix-loggers' contains invalid characters, please migrate to a valid format.
2026-09-16T16:53:04.473+03:00  WARN 290370 --- [main] o.s.boot.actuate.endpoint.EndpointId     : Endpoint ID 'axelix-metrics' contains invalid characters, please migrate to a valid format.
2026-09-16T16:53:04.475+03:00  WARN 290370 --- [main] o.s.boot.actuate.endpoint.EndpointId     : Endpoint ID 'axelix-scheduled-tasks' contains invalid characters, please migrate to a valid format.
2026-09-16T16:53:04.476+03:00  WARN 290370 --- [main] o.s.boot.actuate.endpoint.EndpointId     : Endpoint ID 'axelix-thread-dump' contains invalid characters, please migrate to a valid format.
2026-09-16T16:53:04.853+03:00  INFO 290370 --- [main] .s.d.r.c.RepositoryConfigurationDelegate : Bootstrapping Spring Data JPA repositories in DEFAULT mode.
2026-09-16T16:53:04.901+03:00  INFO 290370 --- [main] .s.d.r.c.RepositoryConfigurationDelegate : Finished Spring Data repository scanning in 40 ms. Found 8 JPA repository interfaces.
2026-09-16T16:53:11.298+03:00  INFO 290537 --- [main] o.s.s.p.PetClinicIntegrationTests        : Starting PetClinicIntegrationTests using Java 17.0.15 with PID 290537 (/home/mpolivaha/OpenSource/axelix/playgrounds/spring-petclinic-gradle-sb-3/build/classes/java/test started by mpolivaha in /home/mpolivaha/OpenSource/axelix/playgrounds/spring-petclinic-gradle-sb-3)
2026-09-16T16:53:11.300+03:00  INFO 290537 --- [main] o.s.s.p.PetClinicIntegrationTests        : No active profile set, falling back to 1 default profile: "default"
2026-09-16T16:53:11.550+03:00  WARN 290537 --- [main] o.s.boot.actuate.endpoint.EndpointId     : Endpoint ID 'axelix-beans' contains invalid characters, please migrate to a valid format.
2026-09-16T16:53:11.612+03:00  WARN 290537 --- [main] o.s.boot.actuate.endpoint.EndpointId     : Endpoint ID 'axelix-caches' contains invalid characters, please migrate to a valid format.
2026-09-16T16:53:11.614+03:00  WARN 290537 --- [main] o.s.boot.actuate.endpoint.EndpointId     : Endpoint ID 'axelix-conditions' contains invalid characters, please migrate to a valid format.
2026-09-16T16:53:11.617+03:00  WARN 290537 --- [main] o.s.boot.actuate.endpoint.EndpointId     : Endpoint ID 'axelix-configprops' contains invalid characters, please migrate to a valid format.
2026-09-16T16:53:11.618+03:00  WARN 290537 --- [main] o.s.boot.actuate.endpoint.EndpointId     : Endpoint ID 'axelix-dependencies' contains invalid characters, please migrate to a valid format.
2026-09-16T16:53:11.620+03:00  WARN 290537 --- [main] o.s.boot.actuate.endpoint.EndpointId     : Endpoint ID 'axelix-details' contains invalid characters, please migrate to a valid format.
2026-09-16T16:53:11.622+03:00  WARN 290537 --- [main] o.s.boot.actuate.endpoint.EndpointId     : Endpoint ID 'axelix-env' contains invalid characters, please migrate to a valid format.
2026-09-16T16:53:11.624+03:00  WARN 290537 --- [main] o.s.boot.actuate.endpoint.EndpointId     : Endpoint ID 'axelix-gc' contains invalid characters, please migrate to a valid format.
2026-09-16T16:53:11.626+03:00  WARN 290537 --- [main] o.s.boot.actuate.endpoint.EndpointId     : Endpoint ID 'axelix-heap-dump' contains invalid characters, please migrate to a valid format.
2026-09-16T16:53:11.627+03:00  WARN 290537 --- [main] o.s.boot.actuate.endpoint.EndpointId     : Endpoint ID 'axelix-loggers' contains invalid characters, please migrate to a valid format.
2026-09-16T16:53:11.642+03:00  WARN 290537 --- [main] o.s.boot.actuate.endpoint.EndpointId     : Endpoint ID 'axelix-metrics' contains invalid characters, please migrate to a valid format.
2026-09-16T16:53:11.645+03:00  WARN 290537 --- [main] o.s.boot.actuate.endpoint.EndpointId     : Endpoint ID 'axelix-scheduled-tasks' contains invalid characters, please migrate to a valid format.
2026-09-16T16:53:11.647+03:00  WARN 290537 --- [main] o.s.boot.actuate.endpoint.EndpointId     : Endpoint ID 'axelix-thread-dump' contains invalid characters, please migrate to a valid format.
2026-09-16T16:53:12.075+03:00  INFO 290537 --- [main] .s.d.r.c.RepositoryConfigurationDelegate : Bootstrapping Spring Data JPA repositories in DEFAULT mode.
2026-09-16T16:53:12.138+03:00  INFO 290537 --- [main] .s.d.r.c.RepositoryConfigurationDelegate : Finished Spring Data repository scanning in 54 ms. Found 8 JPA repository interfaces.
2026-09-16T16:53:14.154+03:00  INFO 290537 --- [main] o.s.s.p.PostgresIntegrationTests         : Starting PostgresIntegrationTests using Java 17.0.15 with PID 290537 (/home/mpolivaha/OpenSource/axelix/playgrounds/spring-petclinic-gradle-sb-3/build/classes/java/test started by mpolivaha in /home/mpolivaha/OpenSource/axelix/playgrounds/spring-petclinic-gradle-sb-3)
2026-09-16T16:53:14.154+03:00  INFO 290537 --- [main] o.s.s.p.PostgresIntegrationTests         : The following 1 profile is active: "postgres"
2026-09-16T16:53:14.339+03:00  INFO 290537 --- [main] .s.d.r.c.RepositoryConfigurationDelegate : Bootstrapping Spring Data JPA repositories in DEFAULT mode.
2026-09-16T16:53:14.348+03:00  INFO 290537 --- [main] .s.d.r.c.RepositoryConfigurationDelegate : Finished Spring Data repository scanning in 7 ms. Found 8 JPA repository interfaces.
2026-09-16T16:53:14.765+03:00  INFO 290537 --- [main] o.s.t.c.aot.TestContextAotGenerator      : Skipping AOT processing due to the presence of @DisabledInAotMode for test classes [org.springframework.samples.petclinic.owner.OwnerControllerTests]
2026-09-16T16:53:14.765+03:00  INFO 290537 --- [main] o.s.t.c.aot.TestContextAotGenerator      : Skipping AOT processing due to the presence of @DisabledInAotMode for test classes [org.springframework.samples.petclinic.owner.PetControllerTests, org.springframework.samples.petclinic.owner.PetControllerTests$ProcessCreationFormHasErrors, org.springframework.samples.petclinic.owner.PetControllerTests$ProcessUpdateFormHasErrors]
2026-09-16T16:53:14.765+03:00  INFO 290537 --- [main] o.s.t.c.aot.TestContextAotGenerator      : Skipping AOT processing due to the presence of @DisabledInAotMode for test classes [org.springframework.samples.petclinic.owner.VisitControllerTests]
2026-09-16T16:53:14.788+03:00  INFO 290537 --- [main] o.s.s.p.service.ClinicServiceTests       : Starting ClinicServiceTests using Java 17.0.15 with PID 290537 (/home/mpolivaha/OpenSource/axelix/playgrounds/spring-petclinic-gradle-sb-3/build/classes/java/test started by mpolivaha in /home/mpolivaha/OpenSource/axelix/playgrounds/spring-petclinic-gradle-sb-3)
2026-09-16T16:53:14.788+03:00  INFO 290537 --- [main] o.s.s.p.service.ClinicServiceTests       : No active profile set, falling back to 1 default profile: "default"
2026-09-16T16:53:14.834+03:00  INFO 290537 --- [main] .s.d.r.c.RepositoryConfigurationDelegate : Bootstrapping Spring Data JPA repositories in DEFAULT mode.
2026-09-16T16:53:14.843+03:00  INFO 290537 --- [main] .s.d.r.c.RepositoryConfigurationDelegate : Finished Spring Data repository scanning in 7 ms. Found 8 JPA repository interfaces.
2026-09-16T16:53:14.951+03:00  INFO 290537 --- [main] .s.s.p.s.CrashControllerIntegrationTests : Starting CrashControllerIntegrationTests using Java 17.0.15 with PID 290537 (/home/mpolivaha/OpenSource/axelix/playgrounds/spring-petclinic-gradle-sb-3/build/classes/java/test started by mpolivaha in /home/mpolivaha/OpenSource/axelix/playgrounds/spring-petclinic-gradle-sb-3)
2026-09-16T16:53:14.951+03:00  INFO 290537 --- [main] .s.s.p.s.CrashControllerIntegrationTests : No active profile set, falling back to 1 default profile: "default"
2026-09-16T16:53:15.288+03:00  INFO 290537 --- [main] o.s.t.c.aot.TestContextAotGenerator      : Skipping AOT processing due to the presence of @DisabledInAotMode for test classes [org.springframework.samples.petclinic.vet.VetControllerTests]
2026-09-16T16:53:15.312+03:00  INFO 290537 --- [main] backControllerTests$WhenFeedbackDisabled : Starting VetFeedbackControllerTests.WhenFeedbackDisabled using Java 17.0.15 with PID 290537 (/home/mpolivaha/OpenSource/axelix/playgrounds/spring-petclinic-gradle-sb-3/build/classes/java/test started by mpolivaha in /home/mpolivaha/OpenSource/axelix/playgrounds/spring-petclinic-gradle-sb-3)
2026-09-16T16:53:15.313+03:00  INFO 290537 --- [main] backControllerTests$WhenFeedbackDisabled : No active profile set, falling back to 1 default profile: "default"
2026-09-16T16:53:15.475+03:00  INFO 290537 --- [main] .s.d.r.c.RepositoryConfigurationDelegate : Bootstrapping Spring Data JPA repositories in DEFAULT mode.
2026-09-16T16:53:15.484+03:00  INFO 290537 --- [main] .s.d.r.c.RepositoryConfigurationDelegate : Finished Spring Data repository scanning in 8 ms. Found 8 JPA repository interfaces.
2026-09-16T16:53:15.829+03:00  INFO 290537 --- [main] dbackControllerTests$WhenFeedbackEnabled : Starting VetFeedbackControllerTests.WhenFeedbackEnabled using Java 17.0.15 with PID 290537 (/home/mpolivaha/OpenSource/axelix/playgrounds/spring-petclinic-gradle-sb-3/build/classes/java/test started by mpolivaha in /home/mpolivaha/OpenSource/axelix/playgrounds/spring-petclinic-gradle-sb-3)
2026-09-16T16:53:15.830+03:00  INFO 290537 --- [main] dbackControllerTests$WhenFeedbackEnabled : No active profile set, falling back to 1 default profile: "default"
2026-09-16T16:53:15.965+03:00  INFO 290537 --- [main] .s.d.r.c.RepositoryConfigurationDelegate : Bootstrapping Spring Data JPA repositories in DEFAULT mode.
2026-09-16T16:53:15.973+03:00  INFO 290537 --- [main] .s.d.r.c.RepositoryConfigurationDelegate : Finished Spring Data repository scanning in 6 ms. Found 8 JPA repository interfaces.
2026-09-16T16:55:14.477+03:00  INFO 296466 --- [main] o.s.s.petclinic.PetClinicApplication     : Starting PetClinicApplication using Java 17.0.15 with PID 296466 (/home/mpolivaha/OpenSource/axelix/playgrounds/spring-petclinic-gradle-sb-3/build/classes/java/main started by mpolivaha in /home/mpolivaha/OpenSource/axelix/playgrounds/spring-petclinic-gradle-sb-3)
2026-09-16T16:55:14.479+03:00  INFO 296466 --- [main] o.s.s.petclinic.PetClinicApplication     : No active profile set, falling back to 1 default profile: "default"
2026-09-16T16:55:14.762+03:00  WARN 296466 --- [main] o.s.boot.actuate.endpoint.EndpointId     : Endpoint ID 'axelix-beans' contains invalid characters, please migrate to a valid format.
2026-09-16T16:55:14.816+03:00  WARN 296466 --- [main] o.s.boot.actuate.endpoint.EndpointId     : Endpoint ID 'axelix-caches' contains invalid characters, please migrate to a valid format.
2026-09-16T16:55:14.817+03:00  WARN 296466 --- [main] o.s.boot.actuate.endpoint.EndpointId     : Endpoint ID 'axelix-conditions' contains invalid characters, please migrate to a valid format.
2026-09-16T16:55:14.818+03:00  WARN 296466 --- [main] o.s.boot.actuate.endpoint.EndpointId     : Endpoint ID 'axelix-configprops' contains invalid characters, please migrate to a valid format.
2026-09-16T16:55:14.820+03:00  WARN 296466 --- [main] o.s.boot.actuate.endpoint.EndpointId     : Endpoint ID 'axelix-dependencies' contains invalid characters, please migrate to a valid format.
2026-09-16T16:55:14.822+03:00  WARN 296466 --- [main] o.s.boot.actuate.endpoint.EndpointId     : Endpoint ID 'axelix-details' contains invalid characters, please migrate to a valid format.
2026-09-16T16:55:14.823+03:00  WARN 296466 --- [main] o.s.boot.actuate.endpoint.EndpointId     : Endpoint ID 'axelix-env' contains invalid characters, please migrate to a valid format.
2026-09-16T16:55:14.825+03:00  WARN 296466 --- [main] o.s.boot.actuate.endpoint.EndpointId     : Endpoint ID 'axelix-gc' contains invalid characters, please migrate to a valid format.
2026-09-16T16:55:14.826+03:00  WARN 296466 --- [main] o.s.boot.actuate.endpoint.EndpointId     : Endpoint ID 'axelix-heap-dump' contains invalid characters, please migrate to a valid format.
2026-09-16T16:55:14.827+03:00  WARN 296466 --- [main] o.s.boot.actuate.endpoint.EndpointId     : Endpoint ID 'axelix-loggers' contains invalid characters, please migrate to a valid format.
2026-09-16T16:55:14.838+03:00  WARN 296466 --- [main] o.s.boot.actuate.endpoint.EndpointId     : Endpoint ID 'axelix-metrics' contains invalid characters, please migrate to a valid format.
2026-09-16T16:55:14.840+03:00  WARN 296466 --- [main] o.s.boot.actuate.endpoint.EndpointId     : Endpoint ID 'axelix-scheduled-tasks' contains invalid characters, please migrate to a valid format.
2026-09-16T16:55:14.842+03:00  WARN 296466 --- [main] o.s.boot.actuate.endpoint.EndpointId     : Endpoint ID 'axelix-thread-dump' contains invalid characters, please migrate to a valid format.
2026-09-16T16:55:15.211+03:00  INFO 296466 --- [main] .s.d.r.c.RepositoryConfigurationDelegate : Bootstrapping Spring Data JPA repositories in DEFAULT mode.
2026-09-16T16:55:15.255+03:00  INFO 296466 --- [main] .s.d.r.c.RepositoryConfigurationDelegate : Finished Spring Data repository scanning in 37 ms. Found 8 JPA repository interfaces.
2026-09-16T16:55:20.454+03:00  INFO 296584 --- [main] o.s.s.p.PetClinicIntegrationTests        : Starting PetClinicIntegrationTests using Java 17.0.15 with PID 296584 (/home/mpolivaha/OpenSource/axelix/playgrounds/spring-petclinic-gradle-sb-3/build/classes/java/test started by mpolivaha in /home/mpolivaha/OpenSource/axelix/playgrounds/spring-petclinic-gradle-sb-3)
2026-09-16T16:55:20.456+03:00  INFO 296584 --- [main] o.s.s.p.PetClinicIntegrationTests        : No active profile set, falling back to 1 default profile: "default"
2026-09-16T16:55:20.703+03:00  WARN 296584 --- [main] o.s.boot.actuate.endpoint.EndpointId     : Endpoint ID 'axelix-beans' contains invalid characters, please migrate to a valid format.
2026-09-16T16:55:20.769+03:00  WARN 296584 --- [main] o.s.boot.actuate.endpoint.EndpointId     : Endpoint ID 'axelix-caches' contains invalid characters, please migrate to a valid format.
2026-09-16T16:55:20.771+03:00  WARN 296584 --- [main] o.s.boot.actuate.endpoint.EndpointId     : Endpoint ID 'axelix-conditions' contains invalid characters, please migrate to a valid format.
2026-09-16T16:55:20.773+03:00  WARN 296584 --- [main] o.s.boot.actuate.endpoint.EndpointId     : Endpoint ID 'axelix-configprops' contains invalid characters, please migrate to a valid format.
2026-09-16T16:55:20.775+03:00  WARN 296584 --- [main] o.s.boot.actuate.endpoint.EndpointId     : Endpoint ID 'axelix-dependencies' contains invalid characters, please migrate to a valid format.
2026-09-16T16:55:20.777+03:00  WARN 296584 --- [main] o.s.boot.actuate.endpoint.EndpointId     : Endpoint ID 'axelix-details' contains invalid characters, please migrate to a valid format.
2026-09-16T16:55:20.778+03:00  WARN 296584 --- [main] o.s.boot.actuate.endpoint.EndpointId     : Endpoint ID 'axelix-env' contains invalid characters, please migrate to a valid format.
2026-09-16T16:55:20.782+03:00  WARN 296584 --- [main] o.s.boot.actuate.endpoint.EndpointId     : Endpoint ID 'axelix-gc' contains invalid characters, please migrate to a valid format.
2026-09-16T16:55:20.783+03:00  WARN 296584 --- [main] o.s.boot.actuate.endpoint.EndpointId     : Endpoint ID 'axelix-heap-dump' contains invalid characters, please migrate to a valid format.
2026-09-16T16:55:20.784+03:00  WARN 296584 --- [main] o.s.boot.actuate.endpoint.EndpointId     : Endpoint ID 'axelix-loggers' contains invalid characters, please migrate to a valid format.
2026-09-16T16:55:20.799+03:00  WARN 296584 --- [main] o.s.boot.actuate.endpoint.EndpointId     : Endpoint ID 'axelix-metrics' contains invalid characters, please migrate to a valid format.
2026-09-16T16:55:20.803+03:00  WARN 296584 --- [main] o.s.boot.actuate.endpoint.EndpointId     : Endpoint ID 'axelix-scheduled-tasks' contains invalid characters, please migrate to a valid format.
2026-09-16T16:55:20.805+03:00  WARN 296584 --- [main] o.s.boot.actuate.endpoint.EndpointId     : Endpoint ID 'axelix-thread-dump' contains invalid characters, please migrate to a valid format.
2026-09-16T16:55:21.244+03:00  INFO 296584 --- [main] .s.d.r.c.RepositoryConfigurationDelegate : Bootstrapping Spring Data JPA repositories in DEFAULT mode.
2026-09-16T16:55:21.299+03:00  INFO 296584 --- [main] .s.d.r.c.RepositoryConfigurationDelegate : Finished Spring Data repository scanning in 40 ms. Found 8 JPA repository interfaces.
2026-09-16T16:55:23.382+03:00  INFO 296584 --- [main] o.s.s.p.PostgresIntegrationTests         : Starting PostgresIntegrationTests using Java 17.0.15 with PID 296584 (/home/mpolivaha/OpenSource/axelix/playgrounds/spring-petclinic-gradle-sb-3/build/classes/java/test started by mpolivaha in /home/mpolivaha/OpenSource/axelix/playgrounds/spring-petclinic-gradle-sb-3)
2026-09-16T16:55:23.383+03:00  INFO 296584 --- [main] o.s.s.p.PostgresIntegrationTests         : The following 1 profile is active: "postgres"
2026-09-16T16:55:23.696+03:00  INFO 296584 --- [main] .s.d.r.c.RepositoryConfigurationDelegate : Bootstrapping Spring Data JPA repositories in DEFAULT mode.
2026-09-16T16:55:23.710+03:00  INFO 296584 --- [main] .s.d.r.c.RepositoryConfigurationDelegate : Finished Spring Data repository scanning in 12 ms. Found 8 JPA repository interfaces.
2026-09-16T16:55:24.192+03:00  INFO 296584 --- [main] o.s.t.c.aot.TestContextAotGenerator      : Skipping AOT processing due to the presence of @DisabledInAotMode for test classes [org.springframework.samples.petclinic.owner.OwnerControllerTests]
2026-09-16T16:55:24.192+03:00  INFO 296584 --- [main] o.s.t.c.aot.TestContextAotGenerator      : Skipping AOT processing due to the presence of @DisabledInAotMode for test classes [org.springframework.samples.petclinic.owner.PetControllerTests, org.springframework.samples.petclinic.owner.PetControllerTests$ProcessCreationFormHasErrors, org.springframework.samples.petclinic.owner.PetControllerTests$ProcessUpdateFormHasErrors]
2026-09-16T16:55:24.192+03:00  INFO 296584 --- [main] o.s.t.c.aot.TestContextAotGenerator      : Skipping AOT processing due to the presence of @DisabledInAotMode for test classes [org.springframework.samples.petclinic.owner.VisitControllerTests]
2026-09-16T16:55:24.211+03:00  INFO 296584 --- [main] o.s.s.p.service.ClinicServiceTests       : Starting ClinicServiceTests using Java 17.0.15 with PID 296584 (/home/mpolivaha/OpenSource/axelix/playgrounds/spring-petclinic-gradle-sb-3/build/classes/java/test started by mpolivaha in /home/mpolivaha/OpenSource/axelix/playgrounds/spring-petclinic-gradle-sb-3)
2026-09-16T16:55:24.211+03:00  INFO 296584 --- [main] o.s.s.p.service.ClinicServiceTests       : No active profile set, falling back to 1 default profile: "default"
2026-09-16T16:55:24.266+03:00  INFO 296584 --- [main] .s.d.r.c.RepositoryConfigurationDelegate : Bootstrapping Spring Data JPA repositories in DEFAULT mode.
2026-09-16T16:55:24.277+03:00  INFO 296584 --- [main] .s.d.r.c.RepositoryConfigurationDelegate : Finished Spring Data repository scanning in 9 ms. Found 8 JPA repository interfaces.
2026-09-16T16:55:24.391+03:00  INFO 296584 --- [main] .s.s.p.s.CrashControllerIntegrationTests : Starting CrashControllerIntegrationTests using Java 17.0.15 with PID 296584 (/home/mpolivaha/OpenSource/axelix/playgrounds/spring-petclinic-gradle-sb-3/build/classes/java/test started by mpolivaha in /home/mpolivaha/OpenSource/axelix/playgrounds/spring-petclinic-gradle-sb-3)
2026-09-16T16:55:24.391+03:00  INFO 296584 --- [main] .s.s.p.s.CrashControllerIntegrationTests : No active profile set, falling back to 1 default profile: "default"
2026-09-16T16:55:24.696+03:00  INFO 296584 --- [main] o.s.t.c.aot.TestContextAotGenerator      : Skipping AOT processing due to the presence of @DisabledInAotMode for test classes [org.springframework.samples.petclinic.vet.VetControllerTests]
2026-09-16T16:55:24.713+03:00  INFO 296584 --- [main] backControllerTests$WhenFeedbackDisabled : Starting VetFeedbackControllerTests.WhenFeedbackDisabled using Java 17.0.15 with PID 296584 (/home/mpolivaha/OpenSource/axelix/playgrounds/spring-petclinic-gradle-sb-3/build/classes/java/test started by mpolivaha in /home/mpolivaha/OpenSource/axelix/playgrounds/spring-petclinic-gradle-sb-3)
2026-09-16T16:55:24.714+03:00  INFO 296584 --- [main] backControllerTests$WhenFeedbackDisabled : No active profile set, falling back to 1 default profile: "default"
2026-09-16T16:55:24.871+03:00  INFO 296584 --- [main] .s.d.r.c.RepositoryConfigurationDelegate : Bootstrapping Spring Data JPA repositories in DEFAULT mode.
2026-09-16T16:55:24.880+03:00  INFO 296584 --- [main] .s.d.r.c.RepositoryConfigurationDelegate : Finished Spring Data repository scanning in 7 ms. Found 8 JPA repository interfaces.
2026-09-16T16:55:25.227+03:00  INFO 296584 --- [main] dbackControllerTests$WhenFeedbackEnabled : Starting VetFeedbackControllerTests.WhenFeedbackEnabled using Java 17.0.15 with PID 296584 (/home/mpolivaha/OpenSource/axelix/playgrounds/spring-petclinic-gradle-sb-3/build/classes/java/test started by mpolivaha in /home/mpolivaha/OpenSource/axelix/playgrounds/spring-petclinic-gradle-sb-3)
2026-09-16T16:55:25.227+03:00  INFO 296584 --- [main] dbackControllerTests$WhenFeedbackEnabled : No active profile set, falling back to 1 default profile: "default"
2026-09-16T16:55:25.366+03:00  INFO 296584 --- [main] .s.d.r.c.RepositoryConfigurationDelegate : Bootstrapping Spring Data JPA repositories in DEFAULT mode.
2026-09-16T16:55:25.373+03:00  INFO 296584 --- [main] .s.d.r.c.RepositoryConfigurationDelegate : Finished Spring Data repository scanning in 6 ms. Found 8 JPA repository interfaces.
2026-09-16T17:03:34.135+03:00  INFO 317075 --- [main] o.s.s.petclinic.PetClinicApplication     : Starting PetClinicApplication using Java 17.0.15 with PID 317075 (/home/mpolivaha/OpenSource/axelix/playgrounds/spring-petclinic-gradle-sb-3/build/classes/java/main started by mpolivaha in /home/mpolivaha/OpenSource/axelix/playgrounds/spring-petclinic-gradle-sb-3)
2026-09-16T17:03:34.138+03:00  INFO 317075 --- [main] o.s.s.petclinic.PetClinicApplication     : No active profile set, falling back to 1 default profile: "default"
2026-09-16T17:03:34.436+03:00  WARN 317075 --- [main] o.s.boot.actuate.endpoint.EndpointId     : Endpoint ID 'axelix-beans' contains invalid characters, please migrate to a valid format.
2026-09-16T17:03:34.489+03:00  WARN 317075 --- [main] o.s.boot.actuate.endpoint.EndpointId     : Endpoint ID 'axelix-caches' contains invalid characters, please migrate to a valid format.
2026-09-16T17:03:34.491+03:00  WARN 317075 --- [main] o.s.boot.actuate.endpoint.EndpointId     : Endpoint ID 'axelix-conditions' contains invalid characters, please migrate to a valid format.
2026-09-16T17:03:34.493+03:00  WARN 317075 --- [main] o.s.boot.actuate.endpoint.EndpointId     : Endpoint ID 'axelix-configprops' contains invalid characters, please migrate to a valid format.
2026-09-16T17:03:34.495+03:00  WARN 317075 --- [main] o.s.boot.actuate.endpoint.EndpointId     : Endpoint ID 'axelix-dependencies' contains invalid characters, please migrate to a valid format.
2026-09-16T17:03:34.497+03:00  WARN 317075 --- [main] o.s.boot.actuate.endpoint.EndpointId     : Endpoint ID 'axelix-details' contains invalid characters, please migrate to a valid format.
2026-09-16T17:03:34.498+03:00  WARN 317075 --- [main] o.s.boot.actuate.endpoint.EndpointId     : Endpoint ID 'axelix-env' contains invalid characters, please migrate to a valid format.
2026-09-16T17:03:34.500+03:00  WARN 317075 --- [main] o.s.boot.actuate.endpoint.EndpointId     : Endpoint ID 'axelix-gc' contains invalid characters, please migrate to a valid format.
2026-09-16T17:03:34.501+03:00  WARN 317075 --- [main] o.s.boot.actuate.endpoint.EndpointId     : Endpoint ID 'axelix-heap-dump' contains invalid characters, please migrate to a valid format.
2026-09-16T17:03:34.502+03:00  WARN 317075 --- [main] o.s.boot.actuate.endpoint.EndpointId     : Endpoint ID 'axelix-loggers' contains invalid characters, please migrate to a valid format.
2026-09-16T17:03:34.515+03:00  WARN 317075 --- [main] o.s.boot.actuate.endpoint.EndpointId     : Endpoint ID 'axelix-metrics' contains invalid characters, please migrate to a valid format.
2026-09-16T17:03:34.517+03:00  WARN 317075 --- [main] o.s.boot.actuate.endpoint.EndpointId     : Endpoint ID 'axelix-scheduled-tasks' contains invalid characters, please migrate to a valid format.
2026-09-16T17:03:34.518+03:00  WARN 317075 --- [main] o.s.boot.actuate.endpoint.EndpointId     : Endpoint ID 'axelix-thread-dump' contains invalid characters, please migrate to a valid format.
2026-09-16T17:03:34.913+03:00  INFO 317075 --- [main] .s.d.r.c.RepositoryConfigurationDelegate : Bootstrapping Spring Data JPA repositories in DEFAULT mode.
2026-09-16T17:03:34.958+03:00  INFO 317075 --- [main] .s.d.r.c.RepositoryConfigurationDelegate : Finished Spring Data repository scanning in 37 ms. Found 8 JPA repository interfaces.
2026-09-16T17:03:39.041+03:00  INFO 317183 --- [main] o.s.s.p.PetClinicIntegrationTests        : Starting PetClinicIntegrationTests using Java 17.0.15 with PID 317183 (/home/mpolivaha/OpenSource/axelix/playgrounds/spring-petclinic-gradle-sb-3/build/classes/java/test started by mpolivaha in /home/mpolivaha/OpenSource/axelix/playgrounds/spring-petclinic-gradle-sb-3)
2026-09-16T17:03:39.043+03:00  INFO 317183 --- [main] o.s.s.p.PetClinicIntegrationTests        : No active profile set, falling back to 1 default profile: "default"
2026-09-16T17:03:39.323+03:00  WARN 317183 --- [main] o.s.boot.actuate.endpoint.EndpointId     : Endpoint ID 'axelix-beans' contains invalid characters, please migrate to a valid format.
2026-09-16T17:03:39.388+03:00  WARN 317183 --- [main] o.s.boot.actuate.endpoint.EndpointId     : Endpoint ID 'axelix-caches' contains invalid characters, please migrate to a valid format.
2026-09-16T17:03:39.390+03:00  WARN 317183 --- [main] o.s.boot.actuate.endpoint.EndpointId     : Endpoint ID 'axelix-conditions' contains invalid characters, please migrate to a valid format.
2026-09-16T17:03:39.391+03:00  WARN 317183 --- [main] o.s.boot.actuate.endpoint.EndpointId     : Endpoint ID 'axelix-configprops' contains invalid characters, please migrate to a valid format.
2026-09-16T17:03:39.393+03:00  WARN 317183 --- [main] o.s.boot.actuate.endpoint.EndpointId     : Endpoint ID 'axelix-dependencies' contains invalid characters, please migrate to a valid format.
2026-09-16T17:03:39.395+03:00  WARN 317183 --- [main] o.s.boot.actuate.endpoint.EndpointId     : Endpoint ID 'axelix-details' contains invalid characters, please migrate to a valid format.
2026-09-16T17:03:39.397+03:00  WARN 317183 --- [main] o.s.boot.actuate.endpoint.EndpointId     : Endpoint ID 'axelix-env' contains invalid characters, please migrate to a valid format.
2026-09-16T17:03:39.399+03:00  WARN 317183 --- [main] o.s.boot.actuate.endpoint.EndpointId     : Endpoint ID 'axelix-gc' contains invalid characters, please migrate to a valid format.
2026-09-16T17:03:39.400+03:00  WARN 317183 --- [main] o.s.boot.actuate.endpoint.EndpointId     : Endpoint ID 'axelix-heap-dump' contains invalid characters, please migrate to a valid format.
2026-09-16T17:03:39.401+03:00  WARN 317183 --- [main] o.s.boot.actuate.endpoint.EndpointId     : Endpoint ID 'axelix-loggers' contains invalid characters, please migrate to a valid format.
2026-09-16T17:03:39.417+03:00  WARN 317183 --- [main] o.s.boot.actuate.endpoint.EndpointId     : Endpoint ID 'axelix-metrics' contains invalid characters, please migrate to a valid format.
2026-09-16T17:03:39.419+03:00  WARN 317183 --- [main] o.s.boot.actuate.endpoint.EndpointId     : Endpoint ID 'axelix-scheduled-tasks' contains invalid characters, please migrate to a valid format.
2026-09-16T17:03:39.420+03:00  WARN 317183 --- [main] o.s.boot.actuate.endpoint.EndpointId     : Endpoint ID 'axelix-thread-dump' contains invalid characters, please migrate to a valid format.
2026-09-16T17:03:39.822+03:00  INFO 317183 --- [main] .s.d.r.c.RepositoryConfigurationDelegate : Bootstrapping Spring Data JPA repositories in DEFAULT mode.
2026-09-16T17:03:39.880+03:00  INFO 317183 --- [main] .s.d.r.c.RepositoryConfigurationDelegate : Finished Spring Data repository scanning in 48 ms. Found 8 JPA repository interfaces.
2026-09-16T17:03:41.988+03:00  INFO 317183 --- [main] o.s.s.p.PostgresIntegrationTests         : Starting PostgresIntegrationTests using Java 17.0.15 with PID 317183 (/home/mpolivaha/OpenSource/axelix/playgrounds/spring-petclinic-gradle-sb-3/build/classes/java/test started by mpolivaha in /home/mpolivaha/OpenSource/axelix/playgrounds/spring-petclinic-gradle-sb-3)
2026-09-16T17:03:41.988+03:00  INFO 317183 --- [main] o.s.s.p.PostgresIntegrationTests         : The following 1 profile is active: "postgres"
2026-09-16T17:03:42.218+03:00  INFO 317183 --- [main] .s.d.r.c.RepositoryConfigurationDelegate : Bootstrapping Spring Data JPA repositories in DEFAULT mode.
2026-09-16T17:03:42.227+03:00  INFO 317183 --- [main] .s.d.r.c.RepositoryConfigurationDelegate : Finished Spring Data repository scanning in 8 ms. Found 8 JPA repository interfaces.
2026-09-16T17:03:42.631+03:00  INFO 317183 --- [main] o.s.t.c.aot.TestContextAotGenerator      : Skipping AOT processing due to the presence of @DisabledInAotMode for test classes [org.springframework.samples.petclinic.owner.OwnerControllerTests]
2026-09-16T17:03:42.632+03:00  INFO 317183 --- [main] o.s.t.c.aot.TestContextAotGenerator      : Skipping AOT processing due to the presence of @DisabledInAotMode for test classes [org.springframework.samples.petclinic.owner.PetControllerTests, org.springframework.samples.petclinic.owner.PetControllerTests$ProcessCreationFormHasErrors, org.springframework.samples.petclinic.owner.PetControllerTests$ProcessUpdateFormHasErrors]
2026-09-16T17:03:42.632+03:00  INFO 317183 --- [main] o.s.t.c.aot.TestContextAotGenerator      : Skipping AOT processing due to the presence of @DisabledInAotMode for test classes [org.springframework.samples.petclinic.owner.VisitControllerTests]
2026-09-16T17:03:42.652+03:00  INFO 317183 --- [main] o.s.s.p.service.ClinicServiceTests       : Starting ClinicServiceTests using Java 17.0.15 with PID 317183 (/home/mpolivaha/OpenSource/axelix/playgrounds/spring-petclinic-gradle-sb-3/build/classes/java/test started by mpolivaha in /home/mpolivaha/OpenSource/axelix/playgrounds/spring-petclinic-gradle-sb-3)
2026-09-16T17:03:42.652+03:00  INFO 317183 --- [main] o.s.s.p.service.ClinicServiceTests       : No active profile set, falling back to 1 default profile: "default"
2026-09-16T17:03:42.713+03:00  INFO 317183 --- [main] .s.d.r.c.RepositoryConfigurationDelegate : Bootstrapping Spring Data JPA repositories in DEFAULT mode.
2026-09-16T17:03:42.725+03:00  INFO 317183 --- [main] .s.d.r.c.RepositoryConfigurationDelegate : Finished Spring Data repository scanning in 10 ms. Found 8 JPA repository interfaces.
2026-09-16T17:03:42.833+03:00  INFO 317183 --- [main] .s.s.p.s.CrashControllerIntegrationTests : Starting CrashControllerIntegrationTests using Java 17.0.15 with PID 317183 (/home/mpolivaha/OpenSource/axelix/playgrounds/spring-petclinic-gradle-sb-3/build/classes/java/test started by mpolivaha in /home/mpolivaha/OpenSource/axelix/playgrounds/spring-petclinic-gradle-sb-3)
2026-09-16T17:03:42.834+03:00  INFO 317183 --- [main] .s.s.p.s.CrashControllerIntegrationTests : No active profile set, falling back to 1 default profile: "default"
2026-09-16T17:03:43.161+03:00  INFO 317183 --- [main] o.s.t.c.aot.TestContextAotGenerator      : Skipping AOT processing due to the presence of @DisabledInAotMode for test classes [org.springframework.samples.petclinic.vet.VetControllerTests]
2026-09-16T17:03:43.179+03:00  INFO 317183 --- [main] backControllerTests$WhenFeedbackDisabled : Starting VetFeedbackControllerTests.WhenFeedbackDisabled using Java 17.0.15 with PID 317183 (/home/mpolivaha/OpenSource/axelix/playgrounds/spring-petclinic-gradle-sb-3/build/classes/java/test started by mpolivaha in /home/mpolivaha/OpenSource/axelix/playgrounds/spring-petclinic-gradle-sb-3)
2026-09-16T17:03:43.179+03:00  INFO 317183 --- [main] backControllerTests$WhenFeedbackDisabled : No active profile set, falling back to 1 default profile: "default"
2026-09-16T17:03:43.318+03:00  INFO 317183 --- [main] .s.d.r.c.RepositoryConfigurationDelegate : Bootstrapping Spring Data JPA repositories in DEFAULT mode.
2026-09-16T17:03:43.326+03:00  INFO 317183 --- [main] .s.d.r.c.RepositoryConfigurationDelegate : Finished Spring Data repository scanning in 7 ms. Found 8 JPA repository interfaces.
2026-09-16T17:03:43.642+03:00  INFO 317183 --- [main] dbackControllerTests$WhenFeedbackEnabled : Starting VetFeedbackControllerTests.WhenFeedbackEnabled using Java 17.0.15 with PID 317183 (/home/mpolivaha/OpenSource/axelix/playgrounds/spring-petclinic-gradle-sb-3/build/classes/java/test started by mpolivaha in /home/mpolivaha/OpenSource/axelix/playgrounds/spring-petclinic-gradle-sb-3)
2026-09-16T17:03:43.643+03:00  INFO 317183 --- [main] dbackControllerTests$WhenFeedbackEnabled : No active profile set, falling back to 1 default profile: "default"
2026-09-16T17:03:43.775+03:00  INFO 317183 --- [main] .s.d.r.c.RepositoryConfigurationDelegate : Bootstrapping Spring Data JPA repositories in DEFAULT mode.
2026-09-16T17:03:43.784+03:00  INFO 317183 --- [main] .s.d.r.c.RepositoryConfigurationDelegate : Finished Spring Data repository scanning in 7 ms. Found 8 JPA repository interfaces.
